// Jest Snapshot v1, https://goo.gl/fbAQLP

exports[`Test Msp parsing 1`] = `
Array [
  Object {
    "comments": "American Petroleum Institute Research Project 44",
    "data": Object {
      "x": Array [
        1,
        2,
      ],
      "y": Array [
        21,
        999,
      ],
    },
    "formula": "H2",
    "name": "Hydrogen",
    "nist": "245692",
    "rn": "1333-74-0",
    "synonyms": Array [
      "Dihydrogen",
      "o-Hydrogen",
      "p-Hydrogen",
      "Molecular hydrogen",
      "H2",
      "UN 1049",
      "UN 1966",
    ],
  },
  Object {
    "comments": "D.HENNEBERG, MAX-PLANCK INSTITUTE, MULHEIM, WEST GERMANY",
    "data": Object {
      "x": Array [
        2,
        4,
      ],
      "y": Array [
        15,
        999,
      ],
    },
    "formula": "D2",
    "name": "Deuterium",
    "nist": "61316",
    "rn": "7782-39-0",
    "synonyms": Array [
      "D2",
      "UN 1957",
    ],
  },
]
`;
