// Jest Snapshot v1, https://goo.gl/fbAQLP

exports[`test NIST parsing 1`] = `
Array [
  Object {
    "general": Object {
      "atom": Object {
        "H": 2,
      },
      "description": "Hydrogen",
      "em": 2.01565006446,
      "mf": "H2",
      "molfile": "Hydrogen
  -NISTMS-12099911132D 1   1.0         0.0          

  2  1  0  0  0  0  0  0  0  0  0
   -0.4060    0.6090    0.0000 H   0  0  0     0  0  0  0  0  0
    0.4060    0.6090    0.0000 H   0  0  0     0  0  0  0  0  0
  1  2  1  0  0  0  0
$$$$
",
      "mw": 2.0158815081115544,
      "name": Array [
        Object {
          "value": "Dihydrogen",
        },
        Object {
          "value": "o-Hydrogen",
        },
        Object {
          "value": "p-Hydrogen",
        },
        Object {
          "value": "Molecular hydrogen",
        },
        Object {
          "value": "H2",
        },
        Object {
          "value": "UN 1049",
        },
        Object {
          "value": "UN 1966",
        },
      ],
    },
    "identifier": Object {
      "cas": "1333-74-0",
      "nist": "245692",
    },
    "mass": Object {
      "intensity": Array [
        21,
        999,
      ],
      "mz": Array [
        1,
        2,
      ],
    },
    "misc": Object {
      "source": "American Petroleum Institute Research Project 44",
    },
  },
  Object {
    "general": Object {
      "atom": Object {
        "H": 2,
      },
      "description": "Deuterium",
      "em": 4.02820355624,
      "mf": "D2",
      "molfile": "Deuterium
  -NISTMS-12099911132D 1   1.0         0.0          

  2  1  0  0  0  0  0  0  0  0  0
   -0.4060    0.6090    0.0000 H   1  0  0     0  0  0  0  0  0
    0.4060    0.6090    0.0000 H   1  0  0     0  0  0  0  0  0
  1  2  1  0  0  0  0
$$$$
",
      "mw": 4.02820355624,
      "name": Array [
        Object {
          "value": "D2",
        },
        Object {
          "value": "UN 1957",
        },
      ],
    },
    "identifier": Object {
      "cas": "7782-39-0",
      "nist": "61316",
    },
    "mass": Object {
      "intensity": Array [
        15,
        999,
      ],
      "mz": Array [
        2,
        4,
      ],
    },
    "misc": Object {
      "source": "D.HENNEBERG, MAX-PLANCK INSTITUTE, MULHEIM, WEST GERMANY",
    },
  },
]
`;
